// Jest Snapshot v1, https://goo.gl/fbAQLP

exports[`InputField renders correctly 1`] = `
<input
  className="css-tjurys"
  placeholder="test"
  type="text"
/>
`;
