// Jest Snapshot v1, https://goo.gl/fbAQLP

exports[`AvgDeliveryTime renders correctly 1`] = `
<label
  className="css-nfz16p"
>
  <svg
    className="css-x367fu"
    fill="currentColor"
    height="1em"
    stroke="currentColor"
    strokeWidth="0"
    style={
      Object {
        "color": undefined,
      }
    }
    viewBox="0 0 512 512"
    width="1em"
    xmlns="http://www.w3.org/2000/svg"
  >
    <path
      d="M256 48C141.1 48 48 141.1 48 256s93.1 208 208 208 208-93.1 208-208S370.9 48 256 48zm14 226c0 7.7-6.3 14-14 14h-96c-7.7 0-14-6.3-14-14s6.3-14 14-14h82V128c0-7.7 6.3-14 14-14s14 6.3 14 14v146z"
    />
  </svg>
</label>
`;
