// Jest Snapshot v1, https://goo.gl/fbAQLP

exports[`Checkbox renders correctly 1`] = `
<div
  className="container-fluid css-0"
>
  <div
    className="row css-0"
  >
    <div
      className="col-xs-12 col-lg-6 css-0"
    >
      Deneme 1
    </div>
    <div
      className="col-xs-12 col-lg-6 css-0"
    >
      Deneme 2
    </div>
  </div>
</div>
`;
