// Jest Snapshot v1, https://goo.gl/fbAQLP

exports[`Select renders correctly 1`] = `
<select
  className="css-b1s8qf"
  onChange={[Function]}
>
  <option
    value="1"
  >
    Test
  </option>
</select>
`;
